-- verify the pg_stat_memory_allocation view exists
SELECT
        pid > 0, allocated_bytes >= 0, init_allocated_bytes >= 0, aset_allocated_bytes >= 0, dsm_allocated_bytes >= 0, generation_allocated_bytes >= 0, slab_allocated_bytes >= 0
FROM
    pg_stat_memory_allocation limit 1;
 ?column? | ?column? | ?column? | ?column? | ?column? | ?column? | ?column? 
----------+----------+----------+----------+----------+----------+----------
 t        | t        | t        | t        | t        | t        | t
(1 row)

-- verify the pg_stat_global_memory_allocation view exists
SELECT
        total_memory_allocated >= 0, dsm_memory_allocated >= 0, total_memory_available >= 0, static_shared_memory >= 0
FROM
    pg_stat_global_memory_allocation;
 ?column? | ?column? | ?column? | ?column? 
----------+----------+----------+----------
 t        | t        | t        | t
(1 row)

-- ensure that allocated_bytes exist for backends
SELECT
        allocated_bytes >= 0 AS result
FROM
    pg_stat_activity ps
        JOIN pg_stat_memory_allocation pa ON (pa.pid = ps.pid)
WHERE
        backend_type IN ('checkpointer', 'background writer', 'walwriter', 'autovacuum launcher');
 result 
--------
 t
 t
 t
 t
(4 rows)

-- For each process, the total should be the sum of subtotals
SELECT *
FROM
    pg_stat_memory_allocation
WHERE allocated_bytes != (init_allocated_bytes + aset_allocated_bytes + dsm_allocated_bytes + generation_allocated_bytes + slab_allocated_bytes);
 datid | pid | allocated_bytes | init_allocated_bytes | aset_allocated_bytes | dsm_allocated_bytes | generation_allocated_bytes | slab_allocated_bytes 
-------+-----+-----------------+----------------------+----------------------+---------------------+----------------------------+----------------------
(0 rows)

-- For each process, the initial allocation is >= 1 MB
SELECT *
FROM
    pg_stat_memory_allocation
WHERE
    init_allocated_bytes < 1024*1024;
 datid | pid | allocated_bytes | init_allocated_bytes | aset_allocated_bytes | dsm_allocated_bytes | generation_allocated_bytes | slab_allocated_bytes 
-------+-----+-----------------+----------------------+----------------------+---------------------+----------------------------+----------------------
(0 rows)

CREATE EXTENSION test_memtrack;
-- Make sure we can track memory usage of a single task
-- Since logic is the same for all memory managers, only test one.
SELECT test_memtrack(1, 1, 0, 1024);
 test_memtrack 
---------------
 
(1 row)

-- Make sure we can track memory usage of multiple tasks.
--  By default we are limited to 8 tasks, so stay below the limit.
SELECT test_memtrack(5, 3, 1024, 5*1024);
 test_memtrack 
---------------
 
(1 row)

-- Do it again. We had a bug where the second call would fail.
SELECT test_memtrack(5, 3, 1024, 5*1024);
 test_memtrack 
---------------
 
(1 row)

-- Now we're going to actually do memory allocations.
-- We'll test each type of memory allocator.
-- Verify we can create and destroy contexts.
SELECT test_allocation(1,1,0,1024);
 test_allocation 
-----------------
 
(1 row)

SELECT test_allocation(1,2,0, 1024);
 test_allocation 
-----------------
 
(1 row)

SELECT test_allocation(1,3, 0,1024);
 test_allocation 
-----------------
 
(1 row)

SELECT test_allocation(1,4,0,1024);
 test_allocation 
-----------------
 
(1 row)

-- Create and free blocks of memory.
SELECT test_allocation(5,1,5*1024,1024);
 test_allocation 
-----------------
 
(1 row)

SELECT test_allocation(5,2,5,1024*1024);  /* Fewer, don't exceed shmem limit */
 test_allocation 
-----------------
 
(1 row)

SELECT test_allocation(5,3,5*1024,1024);
 test_allocation 
-----------------
 
(1 row)

SELECT test_allocation(5,4,5*1024,1024);
 test_allocation 
-----------------
 
(1 row)

-- Add up the private memory for each process and compare with the global total
--  The delta should be 0.
SELECT ABS(process_private - global_private) as delta
FROM
    (SELECT SUM(allocated_bytes - dsm_allocated_bytes)                             AS process_private
    FROM pg_stat_memory_allocation as p),
    (SELECT (total_memory_allocated - dsm_memory_allocated - static_shared_memory) AS global_private
    FROM pg_stat_global_memory_allocation as g);
 delta 
-------
     0
(1 row)

-- Verify the global dsm memory is at least the sum of processes dsm memory.
-- The global can be larger if some process pinned dsm and than exited.
SELECT *
FROM
    (SELECT SUM(dsm_allocated_bytes) as process_dsm from pg_stat_memory_allocation),
    (SELECT dsm_memory_allocated as global_dsm from pg_stat_global_memory_allocation)
WHERE
    global_dsm < process_dsm;
 process_dsm | global_dsm 
-------------+------------
(0 rows)

-- Allocate more memory than we have available.
-- (this should fail because we configured max_total_memory to 1024 Mb)
SELECT test_memtrack(5, 2, 1024, 1024*1024*1024);
ERROR:  worker ran out of memory
